4.14.190-perf-g9365b7d6fb08 = "SH TASRIF"
4.14.186-02882-g48039e1-dirty = "JS SHUVO"
4.14.193-ab158 = "Nayem"
4.9.95 TEMP
